// Jest Snapshot v1, https://goo.gl/fbAQLP

exports[`Phone book should render initial state 1`] = `
<div>
  <Search
    disabled={true}
    onChange={[Function]}
  />
  <p>
    Loadingâ€¦
  </p>
</div>
`;
