// Jest Snapshot v1, https://goo.gl/fbAQLP

exports[`Map of contact should render initial state 1`] = `
<div
  className="map__container"
/>
`;
