// Jest Snapshot v1, https://goo.gl/fbAQLP

exports[`Search component should render initial state 1`] = `
<input
  autoComplete="off"
  className="search"
  disabled={true}
  name="search"
  onChange={[MockFunction]}
  placeholder="Searchâ€¦"
  type="search"
  value=""
/>
`;
