// Jest Snapshot v1, https://goo.gl/fbAQLP

exports[`should render initial state 1`] = `
<div>
  Hello World
</div>
`;
